source_commit=ecedcd8044df298e8693cfe19aa0b039cd3b5e07
host=h05r2n00
slurm_job_id=21464513
slurm_job_nodelist=h05r2n00
omp_num_threads=30
mkl_num_threads=30
openblas_num_threads=30
python_version=3.10.13
numpy_version=1.26.4
torch_version=2.1.0+cpu
matplotlib_version=3.10.3
b51ab4bcbe6d09c4e3927d6a7bbc398e7dd27bf45c9f5b9b020d13e6df18ac51  /work1/ghj/sternheimer_abacus_tests/siab_projected_pi_feasibility_20260801/inputs/H_sternheimer_matrix.dat
71d5ddd9453c6fb51357c92cc23f8879d1fb605e03862ecff3a3696001d14a7e  /work1/ghj/sternheimer_abacus_tests/siab_projected_pi_feasibility_20260801/inputs/H_STERNHEIMER_SIAB_SOURCE_V1.dat
780d8ff5e62537b76b03a8e96cec8df2ffe2a282975fa24457921afecae52491  /work1/ghj/sternheimer_abacus_tests/siab_projected_pi_feasibility_20260801/inputs/H_zero_order_identity.json
a427971e137481357a9eb8c10f0804b6e4f75cf334d5a7bd5aa5b706ba52cbc7  /work1/ghj/sternheimer_abacus_tests/siab_projected_pi_feasibility_20260801/inputs/H2_sternheimer_matrix.dat
311729c1eab8e104d3cb9ed2ffcef0e8649411ccd22c0a51ecde670948076adf  /work1/ghj/sternheimer_abacus_tests/siab_projected_pi_feasibility_20260801/inputs/H2_STERNHEIMER_SIAB_SOURCE_V1.dat
8830349d59898efb4cc07c2a6b3dff5157ce4a24e2cef2c9f3c4a1db9f35e17d  /work1/ghj/sternheimer_abacus_tests/siab_projected_pi_feasibility_20260801/inputs/H2_zero_order_identity.json
8caf4b153232fbc6f6104ba434643bc9b0f481fd6b3d7af43cb091957418cae9  /work1/ghj/sternheimer_abacus_tests/siab_projected_pi_feasibility_20260801/inputs/initial_tzdp_ORBITAL_RESULTS.txt
1340cd11357dea87b67ad2a58a6a8e1ae298c985bf08a66b6e9456c57dbc87df  /work1/ghj/sternheimer_abacus_tests/siab_projected_pi_feasibility_20260801/inputs/fixed_dzp_joint_ORBITAL_RESULTS.txt
c79a06a10e1416510099f6cc87ca141dd35b8f3372b77f995b16a4209da063af  /work1/ghj/sternheimer_abacus_tests/siab_projected_pi_feasibility_20260801/inputs/low_frequency_guarded_ORBITAL_RESULTS.txt
analysis_exit_status=0
